
> feed-the-goat@0.1.0 build
> next build

Ôû▓ Next.js 16.1.6 (Turbopack)
- Environments: .env.local

  Creating an optimized production build ...
npm : 
At line:1 char:1
+ npm run build > bui
ld_output.txt 2>&1
+ ~~~~~~~~~~~~~~~~~~~
~~~~~~~~~~~~~~~~~~
    + CategoryInfo   
           : NotSpe  
  cified: (:String   
 ) [], RemoteExce    
ption
    + FullyQualified 
   ErrorId : Native  
  CommandError
 
> Build error occurre
d
Error: Turbopack buil
d failed with 1 error
s:
./src/app/page.tsx:6:
1
Module not found: Can
't resolve '@/compone
nts/DarkMirrorModal'
[0m [90m 4 |[39m 
[36mimport[39m [33m
MotivationCards[39m 
[36mfrom[39m [32m"
@/components/Motivati
onCards"[39m[33m;[
39m
 [90m 5 |[39m [36m
import[39m [33mEndD
ayButton[39m [36mfr
om[39m [32m"@/compo
nents/EndDayButton"[
39m[33m;[39m
[31m[1m>[22m[39m
[90m 6 |[39m [36mim
port[39m [33mDarkMi
rrorModal[39m [36mf
rom[39m [32m"@/comp
onents/DarkMirrorModa
l"[39m[33m;[39m
 [90m   |[39m [31m
[1m^[22m[39m[31m
[1m^[22m[39m[31m[
1m^[22m[39m[31m[1
m^[22m[39m[31m[1m
^[22m[39m[31m[1m^
[22m[39m[31m[1m^
[22m[39m[31m[1m^[
22m[39m[31m[1m^[2
2m[39m[31m[1m^[22
m[39m[31m[1m^[22m
[39m[31m[1m^[22m
[39m[31m[1m^[22m[
39m[31m[1m^[22m[3
9m[31m[1m^[22m[39
m[31m[1m^[22m[39m
[31m[1m^[22m[39m
[31m[1m^[22m[39m[
31m[1m^[22m[39m[3
1m[1m^[22m[39m[31
m[1m^[22m[39m[31m
[1m^[22m[39m[31m
[1m^[22m[39m[31m[
1m^[22m[39m[31m[1
m^[22m[39m[31m[1m
^[22m[39m[31m[1m^
[22m[39m[31m[1m^
[22m[39m[31m[1m^[
22m[39m[31m[1m^[2
2m[39m[31m[1m^[22
m[39m[31m[1m^[22m
[39m[31m[1m^[22m
[39m[31m[1m^[22m[
39m[31m[1m^[22m[3
9m[31m[1m^[22m[39
m[31m[1m^[22m[39m
[31m[1m^[22m[39m
[31m[1m^[22m[39m[
31m[1m^[22m[39m[3
1m[1m^[22m[39m[31
m[1m^[22m[39m[31m
[1m^[22m[39m[31m
[1m^[22m[39m[31m[
1m^[22m[39m[31m[1
m^[22m[39m[31m[1m
^[22m[39m[31m[1m^
[22m[39m[31m[1m^
[22m[39m[31m[1m^[
22m[39m[31m[1m^[2
2m[39m[31m[1m^[22
m[39m[31m[1m^[22m
[39m[31m[1m^[22m
[39m[31m[1m^[22m[
39m[31m[1m^[22m[3
9m[31m[1m^[22m[39
m[31m[1m^[22m[39m
[31m[1m^[22m[39m
 [90m 7 |[39m [36m
import[39m [33mActi
veTasks[39m [36mfro
m[39m [32m"@/compon
ents/ActiveTasks"[39
m[33m;[39m
 [90m 8 |[39m [36m
import[39m [33mSkil
lTree[39m [36mfrom
[39m [32m"@/componen
ts/SkillTree"[39m[3
3m;[39m
 [90m 9 |[39m [36m
import[39m [33mGoal
sDashboard[39m [36m
from[39m [32m"@/com
ponents/GoalsDashboar
d"[39m[33m;[39m[0
m

Import map: aliased t
o relative './src/com
ponents/DarkMirrorMod
al' inside of [projec
t]/


Import traces:
  Client Component Br
owser:
    ./src/app/page.ts
x [Client Component B
rowser]
    ./src/app/page.ts
x [Server Component]

  Client Component SS
R:
    ./src/app/page.ts
x [Client Component S
SR]
    ./src/app/page.ts
x [Server Component]

https://nextjs.org/do
cs/messages/module-no
t-found


    at <unknown> (./s
rc/app/page.tsx:6:1)
    at <unknown> (htt
ps://nextjs.org/docs/
messages/module-not-f
ound)
